---
source: tests/integration.rs
assertion_line: 742
expression: imports
---
[
    (
        "src/a.ts",
        "./b",
    ),
    (
        "src/b.ts",
        "./c",
    ),
    (
        "src/c.ts",
        "./d",
    ),
    (
        "src/d.ts",
        "./e",
    ),
    (
        "src/e.ts",
        "./a",
    ),
]
